running develop
running egg_info
creating storagy_drive.egg-info
writing storagy_drive.egg-info/PKG-INFO
writing dependency_links to storagy_drive.egg-info/dependency_links.txt
writing entry points to storagy_drive.egg-info/entry_points.txt
writing requirements to storagy_drive.egg-info/requires.txt
writing top-level names to storagy_drive.egg-info/top_level.txt
writing manifest file 'storagy_drive.egg-info/SOURCES.txt'
reading manifest file 'storagy_drive.egg-info/SOURCES.txt'
writing manifest file 'storagy_drive.egg-info/SOURCES.txt'
running build_ext
Creating /home/storagy/ros2_ws/install/storagy_drive/lib/python3.10/site-packages/storagy-drive.egg-link (link to .)

Installed /home/storagy/ros2_ws/build/storagy_drive
running symlink_data
creating /home/storagy/ros2_ws/install/storagy_drive/share/ament_index
creating /home/storagy/ros2_ws/install/storagy_drive/share/ament_index/resource_index
creating /home/storagy/ros2_ws/install/storagy_drive/share/ament_index/resource_index/packages
symbolically linking /home/storagy/ros2_ws/build/storagy_drive/resource/storagy_drive -> /home/storagy/ros2_ws/install/storagy_drive/share/ament_index/resource_index/packages
symbolically linking /home/storagy/ros2_ws/build/storagy_drive/package.xml -> /home/storagy/ros2_ws/install/storagy_drive/share/storagy_drive
