[0.725s] Invoking command in '/home/storagy/ros2_ws/build/storagy_drive': PYTHONPATH=/home/storagy/ros2_ws/build/storagy_drive/prefix_override:/usr/lib/python3/dist-packages/colcon_core/task/python/colcon_distutils_commands:/home/storagy/ros2_ws/install/storagy_drive/lib/python3.10/site-packages:${PYTHONPATH} /usr/bin/python3 -W ignore:setup.py install is deprecated -W ignore:easy_install command is deprecated setup.py develop --editable --build-directory /home/storagy/ros2_ws/build/storagy_drive/build --no-deps symlink_data
[0.993s] running develop
[1.185s] running egg_info
[1.185s] creating storagy_drive.egg-info
[1.185s] writing storagy_drive.egg-info/PKG-INFO
[1.185s] writing dependency_links to storagy_drive.egg-info/dependency_links.txt
[1.186s] writing entry points to storagy_drive.egg-info/entry_points.txt
[1.186s] writing requirements to storagy_drive.egg-info/requires.txt
[1.186s] writing top-level names to storagy_drive.egg-info/top_level.txt
[1.186s] writing manifest file 'storagy_drive.egg-info/SOURCES.txt'
[1.187s] reading manifest file 'storagy_drive.egg-info/SOURCES.txt'
[1.188s] writing manifest file 'storagy_drive.egg-info/SOURCES.txt'
[1.189s] running build_ext
[1.189s] Creating /home/storagy/ros2_ws/install/storagy_drive/lib/python3.10/site-packages/storagy-drive.egg-link (link to .)
[1.190s] 
[1.190s] Installed /home/storagy/ros2_ws/build/storagy_drive
[1.190s] running symlink_data
[1.190s] creating /home/storagy/ros2_ws/install/storagy_drive/share/ament_index
[1.190s] creating /home/storagy/ros2_ws/install/storagy_drive/share/ament_index/resource_index
[1.190s] creating /home/storagy/ros2_ws/install/storagy_drive/share/ament_index/resource_index/packages
[1.190s] symbolically linking /home/storagy/ros2_ws/build/storagy_drive/resource/storagy_drive -> /home/storagy/ros2_ws/install/storagy_drive/share/ament_index/resource_index/packages
[1.190s] symbolically linking /home/storagy/ros2_ws/build/storagy_drive/package.xml -> /home/storagy/ros2_ws/install/storagy_drive/share/storagy_drive
[1.212s] Invoked command in '/home/storagy/ros2_ws/build/storagy_drive' returned '0': PYTHONPATH=/home/storagy/ros2_ws/build/storagy_drive/prefix_override:/usr/lib/python3/dist-packages/colcon_core/task/python/colcon_distutils_commands:/home/storagy/ros2_ws/install/storagy_drive/lib/python3.10/site-packages:${PYTHONPATH} /usr/bin/python3 -W ignore:setup.py install is deprecated -W ignore:easy_install command is deprecated setup.py develop --editable --build-directory /home/storagy/ros2_ws/build/storagy_drive/build --no-deps symlink_data
