running egg_info
writing ../../build/storagy_drive/storagy_drive.egg-info/PKG-INFO
writing dependency_links to ../../build/storagy_drive/storagy_drive.egg-info/dependency_links.txt
writing entry points to ../../build/storagy_drive/storagy_drive.egg-info/entry_points.txt
writing requirements to ../../build/storagy_drive/storagy_drive.egg-info/requires.txt
writing top-level names to ../../build/storagy_drive/storagy_drive.egg-info/top_level.txt
reading manifest file '../../build/storagy_drive/storagy_drive.egg-info/SOURCES.txt'
writing manifest file '../../build/storagy_drive/storagy_drive.egg-info/SOURCES.txt'
running build
running build_py
running install
running install_lib
running install_data
running install_egg_info
removing '/home/storagy/ros2_ws/install/storagy_drive/lib/python3.10/site-packages/storagy_drive-0.0.0-py3.10.egg-info' (and everything under it)
Copying ../../build/storagy_drive/storagy_drive.egg-info to /home/storagy/ros2_ws/install/storagy_drive/lib/python3.10/site-packages/storagy_drive-0.0.0-py3.10.egg-info
running install_scripts
Installing cmd_test script to /home/storagy/ros2_ws/install/storagy_drive/lib/storagy_drive
Installing cmd_vel_example script to /home/storagy/ros2_ws/install/storagy_drive/lib/storagy_drive
Installing image_example script to /home/storagy/ros2_ws/install/storagy_drive/lib/storagy_drive
Installing img_test script to /home/storagy/ros2_ws/install/storagy_drive/lib/storagy_drive
Installing scan_example script to /home/storagy/ros2_ws/install/storagy_drive/lib/storagy_drive
writing list of installed files to '/home/storagy/ros2_ws/build/storagy_drive/install.log'
