[0.721s] Invoking command in '/home/storagy/ros2_ws/src/storagy_drive': PYTHONPATH=/home/storagy/ros2_ws/build/storagy_drive/prefix_override:/usr/lib/python3/dist-packages/colcon_core/task/python/colcon_distutils_commands:/home/storagy/ros2_ws/install/storagy_drive/lib/python3.10/site-packages:${PYTHONPATH} /usr/bin/python3 -W ignore:setup.py install is deprecated -W ignore:easy_install command is deprecated setup.py egg_info --egg-base ../../build/storagy_drive build --build-base /home/storagy/ros2_ws/build/storagy_drive/build install --record /home/storagy/ros2_ws/build/storagy_drive/install.log --single-version-externally-managed install_data
[0.994s] running egg_info
[0.994s] writing ../../build/storagy_drive/storagy_drive.egg-info/PKG-INFO
[0.994s] writing dependency_links to ../../build/storagy_drive/storagy_drive.egg-info/dependency_links.txt
[0.994s] writing entry points to ../../build/storagy_drive/storagy_drive.egg-info/entry_points.txt
[0.995s] writing requirements to ../../build/storagy_drive/storagy_drive.egg-info/requires.txt
[0.995s] writing top-level names to ../../build/storagy_drive/storagy_drive.egg-info/top_level.txt
[0.997s] reading manifest file '../../build/storagy_drive/storagy_drive.egg-info/SOURCES.txt'
[0.997s] writing manifest file '../../build/storagy_drive/storagy_drive.egg-info/SOURCES.txt'
[0.997s] running build
[0.998s] running build_py
[0.998s] copying storagy_drive/storagy_drive.py -> /home/storagy/ros2_ws/build/storagy_drive/build/lib/storagy_drive
[0.998s] running install
[0.999s] running install_lib
[1.000s] copying /home/storagy/ros2_ws/build/storagy_drive/build/lib/storagy_drive/storagy_drive.py -> /home/storagy/ros2_ws/install/storagy_drive/lib/python3.10/site-packages/storagy_drive
[1.001s] byte-compiling /home/storagy/ros2_ws/install/storagy_drive/lib/python3.10/site-packages/storagy_drive/storagy_drive.py to storagy_drive.cpython-310.pyc
[1.002s] running install_data
[1.002s] running install_egg_info
[1.005s] removing '/home/storagy/ros2_ws/install/storagy_drive/lib/python3.10/site-packages/storagy_drive-0.0.0-py3.10.egg-info' (and everything under it)
[1.005s] Copying ../../build/storagy_drive/storagy_drive.egg-info to /home/storagy/ros2_ws/install/storagy_drive/lib/python3.10/site-packages/storagy_drive-0.0.0-py3.10.egg-info
[1.006s] running install_scripts
[1.027s] Installing cmd_test script to /home/storagy/ros2_ws/install/storagy_drive/lib/storagy_drive
[1.027s] Installing cmd_vel_example script to /home/storagy/ros2_ws/install/storagy_drive/lib/storagy_drive
[1.027s] Installing image_example script to /home/storagy/ros2_ws/install/storagy_drive/lib/storagy_drive
[1.027s] Installing img_test script to /home/storagy/ros2_ws/install/storagy_drive/lib/storagy_drive
[1.027s] Installing scan_example script to /home/storagy/ros2_ws/install/storagy_drive/lib/storagy_drive
[1.027s] Installing storagy_drive script to /home/storagy/ros2_ws/install/storagy_drive/lib/storagy_drive
[1.028s] writing list of installed files to '/home/storagy/ros2_ws/build/storagy_drive/install.log'
[1.056s] Invoked command in '/home/storagy/ros2_ws/src/storagy_drive' returned '0': PYTHONPATH=/home/storagy/ros2_ws/build/storagy_drive/prefix_override:/usr/lib/python3/dist-packages/colcon_core/task/python/colcon_distutils_commands:/home/storagy/ros2_ws/install/storagy_drive/lib/python3.10/site-packages:${PYTHONPATH} /usr/bin/python3 -W ignore:setup.py install is deprecated -W ignore:easy_install command is deprecated setup.py egg_info --egg-base ../../build/storagy_drive build --build-base /home/storagy/ros2_ws/build/storagy_drive/build install --record /home/storagy/ros2_ws/build/storagy_drive/install.log --single-version-externally-managed install_data
