[0.709s] Invoking command in '/home/storagy/ros2_ws/build/storagy_drive': PYTHONPATH=/home/storagy/ros2_ws/build/storagy_drive/prefix_override:/usr/lib/python3/dist-packages/colcon_core/task/python/colcon_distutils_commands:/home/storagy/ros2_ws/install/storagy_drive/lib/python3.10/site-packages:${PYTHONPATH} /usr/bin/python3 -W ignore:setup.py install is deprecated -W ignore:easy_install command is deprecated setup.py develop --editable --build-directory /home/storagy/ros2_ws/build/storagy_drive/build --no-deps symlink_data --force
[0.999s] running develop
[1.202s] running egg_info
[1.202s] writing storagy_drive.egg-info/PKG-INFO
[1.202s] writing dependency_links to storagy_drive.egg-info/dependency_links.txt
[1.202s] writing entry points to storagy_drive.egg-info/entry_points.txt
[1.202s] writing requirements to storagy_drive.egg-info/requires.txt
[1.202s] writing top-level names to storagy_drive.egg-info/top_level.txt
[1.204s] reading manifest file 'storagy_drive.egg-info/SOURCES.txt'
[1.205s] writing manifest file 'storagy_drive.egg-info/SOURCES.txt'
[1.206s] running build_ext
[1.206s] Creating /home/storagy/ros2_ws/install/storagy_drive/lib/python3.10/site-packages/storagy-drive.egg-link (link to .)
[1.207s] Installing cmd_test script to /home/storagy/ros2_ws/install/storagy_drive/lib/storagy_drive
[1.207s] Installing cmd_vel_example script to /home/storagy/ros2_ws/install/storagy_drive/lib/storagy_drive
[1.207s] Installing image_example script to /home/storagy/ros2_ws/install/storagy_drive/lib/storagy_drive
[1.207s] Installing scan_example script to /home/storagy/ros2_ws/install/storagy_drive/lib/storagy_drive
[1.207s] 
[1.207s] Installed /home/storagy/ros2_ws/build/storagy_drive
[1.207s] running symlink_data
[1.207s] symbolically linking /home/storagy/ros2_ws/build/storagy_drive/resource/storagy_drive -> /home/storagy/ros2_ws/install/storagy_drive/share/ament_index/resource_index/packages
[1.207s] symbolically linking /home/storagy/ros2_ws/build/storagy_drive/package.xml -> /home/storagy/ros2_ws/install/storagy_drive/share/storagy_drive
[1.238s] Invoked command in '/home/storagy/ros2_ws/build/storagy_drive' returned '0': PYTHONPATH=/home/storagy/ros2_ws/build/storagy_drive/prefix_override:/usr/lib/python3/dist-packages/colcon_core/task/python/colcon_distutils_commands:/home/storagy/ros2_ws/install/storagy_drive/lib/python3.10/site-packages:${PYTHONPATH} /usr/bin/python3 -W ignore:setup.py install is deprecated -W ignore:easy_install command is deprecated setup.py develop --editable --build-directory /home/storagy/ros2_ws/build/storagy_drive/build --no-deps symlink_data --force
