/home/storagy/ros2_ws/install/storagy_drive/lib/python3.10/site-packages/storagy_drive/drive_1.py
/home/storagy/ros2_ws/install/storagy_drive/lib/python3.10/site-packages/storagy_drive/tracking.py
/home/storagy/ros2_ws/install/storagy_drive/lib/python3.10/site-packages/storagy_drive/__init__.py
/home/storagy/ros2_ws/install/storagy_drive/lib/python3.10/site-packages/storagy_drive/scan_example.py
/home/storagy/ros2_ws/install/storagy_drive/lib/python3.10/site-packages/storagy_drive/color.py
/home/storagy/ros2_ws/install/storagy_drive/lib/python3.10/site-packages/storagy_drive/cmd_test.py
/home/storagy/ros2_ws/install/storagy_drive/lib/python3.10/site-packages/storagy_drive/image_example.py
/home/storagy/ros2_ws/install/storagy_drive/lib/python3.10/site-packages/storagy_drive/cmd_vel_example.py
/home/storagy/ros2_ws/install/storagy_drive/lib/python3.10/site-packages/storagy_drive/__pycache__/drive_1.cpython-310.pyc
/home/storagy/ros2_ws/install/storagy_drive/lib/python3.10/site-packages/storagy_drive/__pycache__/tracking.cpython-310.pyc
/home/storagy/ros2_ws/install/storagy_drive/lib/python3.10/site-packages/storagy_drive/__pycache__/__init__.cpython-310.pyc
/home/storagy/ros2_ws/install/storagy_drive/lib/python3.10/site-packages/storagy_drive/__pycache__/scan_example.cpython-310.pyc
/home/storagy/ros2_ws/install/storagy_drive/lib/python3.10/site-packages/storagy_drive/__pycache__/color.cpython-310.pyc
/home/storagy/ros2_ws/install/storagy_drive/lib/python3.10/site-packages/storagy_drive/__pycache__/cmd_test.cpython-310.pyc
/home/storagy/ros2_ws/install/storagy_drive/lib/python3.10/site-packages/storagy_drive/__pycache__/image_example.cpython-310.pyc
/home/storagy/ros2_ws/install/storagy_drive/lib/python3.10/site-packages/storagy_drive/__pycache__/cmd_vel_example.cpython-310.pyc
/home/storagy/ros2_ws/install/storagy_drive/share/ament_index/resource_index/packages/storagy_drive
/home/storagy/ros2_ws/install/storagy_drive/share/storagy_drive/package.xml
/home/storagy/ros2_ws/install/storagy_drive/lib/python3.10/site-packages/storagy_drive-0.0.0-py3.10.egg-info/SOURCES.txt
/home/storagy/ros2_ws/install/storagy_drive/lib/python3.10/site-packages/storagy_drive-0.0.0-py3.10.egg-info/zip-safe
/home/storagy/ros2_ws/install/storagy_drive/lib/python3.10/site-packages/storagy_drive-0.0.0-py3.10.egg-info/top_level.txt
/home/storagy/ros2_ws/install/storagy_drive/lib/python3.10/site-packages/storagy_drive-0.0.0-py3.10.egg-info/PKG-INFO
/home/storagy/ros2_ws/install/storagy_drive/lib/python3.10/site-packages/storagy_drive-0.0.0-py3.10.egg-info/requires.txt
/home/storagy/ros2_ws/install/storagy_drive/lib/python3.10/site-packages/storagy_drive-0.0.0-py3.10.egg-info/entry_points.txt
/home/storagy/ros2_ws/install/storagy_drive/lib/python3.10/site-packages/storagy_drive-0.0.0-py3.10.egg-info/dependency_links.txt
/home/storagy/ros2_ws/install/storagy_drive/lib/storagy_drive/cmd_test
/home/storagy/ros2_ws/install/storagy_drive/lib/storagy_drive/cmd_vel_example
/home/storagy/ros2_ws/install/storagy_drive/lib/storagy_drive/color
/home/storagy/ros2_ws/install/storagy_drive/lib/storagy_drive/image_example
/home/storagy/ros2_ws/install/storagy_drive/lib/storagy_drive/img_test
/home/storagy/ros2_ws/install/storagy_drive/lib/storagy_drive/scan_example
