[0.115s] DEBUG:colcon:Command line arguments: ['/usr/bin/colcon', 'build', '--symlink-install', '--packages-select', 'storagy_drive']
[0.115s] DEBUG:colcon:Parsed command line arguments: Namespace(log_base=None, log_level=None, verb_name='build', build_base='build', install_base='install', merge_install=False, symlink_install=True, test_result_base=None, continue_on_error=False, executor='parallel', parallel_workers=6, event_handlers=None, ignore_user_meta=False, metas=['./colcon.meta'], base_paths=['.'], packages_ignore=None, packages_ignore_regex=None, paths=None, packages_up_to=None, packages_up_to_regex=None, packages_above=None, packages_above_and_dependencies=None, packages_above_depth=None, packages_select_by_dep=None, packages_skip_by_dep=None, packages_skip_up_to=None, packages_select_build_failed=False, packages_skip_build_finished=False, packages_select_test_failures=False, packages_skip_test_passed=False, packages_select=['storagy_drive'], packages_skip=None, packages_select_regex=None, packages_skip_regex=None, packages_start=None, packages_end=None, allow_overriding=[], cmake_args=None, cmake_target=None, cmake_target_skip_unavailable=False, cmake_clean_cache=False, cmake_clean_first=False, cmake_force_configure=False, ament_cmake_args=None, catkin_cmake_args=None, catkin_skip_building_tests=False, mixin_files=None, mixin=None, verb_parser=<colcon_mixin.mixin.mixin_argument.MixinArgumentDecorator object at 0x79a51bf88880>, verb_extension=<colcon_core.verb.build.BuildVerb object at 0x79a51bf57e80>, main=<bound method BuildVerb.main of <colcon_core.verb.build.BuildVerb object at 0x79a51bf57e80>>, mixin_verb=('build',))
[0.347s] Level 1:colcon.colcon_core.package_discovery:discover_packages(colcon_meta) check parameters
[0.347s] Level 1:colcon.colcon_core.package_discovery:discover_packages(recursive) check parameters
[0.347s] Level 1:colcon.colcon_core.package_discovery:discover_packages(ignore) check parameters
[0.347s] Level 1:colcon.colcon_core.package_discovery:discover_packages(path) check parameters
[0.347s] Level 1:colcon.colcon_core.package_discovery:discover_packages(colcon_meta) discover
[0.347s] Level 1:colcon.colcon_core.package_discovery:discover_packages(recursive) discover
[0.348s] INFO:colcon.colcon_core.package_discovery:Crawling recursively for packages in '/home/storagy/ros2_ws'
[0.348s] Level 1:colcon.colcon_core.package_identification:_identify(.) by extensions ['ignore', 'ignore_ament_install']
[0.348s] Level 1:colcon.colcon_core.package_identification:_identify(.) by extension 'ignore'
[0.348s] Level 1:colcon.colcon_core.package_identification:_identify(.) by extension 'ignore_ament_install'
[0.348s] Level 1:colcon.colcon_core.package_identification:_identify(.) by extensions ['colcon_pkg']
[0.348s] Level 1:colcon.colcon_core.package_identification:_identify(.) by extension 'colcon_pkg'
[0.348s] Level 1:colcon.colcon_core.package_identification:_identify(.) by extensions ['colcon_meta']
[0.348s] Level 1:colcon.colcon_core.package_identification:_identify(.) by extension 'colcon_meta'
[0.348s] Level 1:colcon.colcon_core.package_identification:_identify(.) by extensions ['ros']
[0.348s] Level 1:colcon.colcon_core.package_identification:_identify(.) by extension 'ros'
[0.366s] Level 1:colcon.colcon_core.package_identification:_identify(.) by extensions ['cmake', 'python']
[0.366s] Level 1:colcon.colcon_core.package_identification:_identify(.) by extension 'cmake'
[0.366s] Level 1:colcon.colcon_core.package_identification:_identify(.) by extension 'python'
[0.366s] Level 1:colcon.colcon_core.package_identification:_identify(.) by extensions ['python_setup_py']
[0.366s] Level 1:colcon.colcon_core.package_identification:_identify(.) by extension 'python_setup_py'
[0.366s] Level 1:colcon.colcon_core.package_identification:_identify(build) by extensions ['ignore', 'ignore_ament_install']
[0.367s] Level 1:colcon.colcon_core.package_identification:_identify(build) by extension 'ignore'
[0.367s] Level 1:colcon.colcon_core.package_identification:_identify(build) ignored
[0.367s] Level 1:colcon.colcon_core.package_identification:_identify(install) by extensions ['ignore', 'ignore_ament_install']
[0.367s] Level 1:colcon.colcon_core.package_identification:_identify(install) by extension 'ignore'
[0.367s] Level 1:colcon.colcon_core.package_identification:_identify(install) ignored
[0.367s] Level 1:colcon.colcon_core.package_identification:_identify(log) by extensions ['ignore', 'ignore_ament_install']
[0.367s] Level 1:colcon.colcon_core.package_identification:_identify(log) by extension 'ignore'
[0.367s] Level 1:colcon.colcon_core.package_identification:_identify(log) ignored
[0.367s] Level 1:colcon.colcon_core.package_identification:_identify(src) by extensions ['ignore', 'ignore_ament_install']
[0.367s] Level 1:colcon.colcon_core.package_identification:_identify(src) by extension 'ignore'
[0.367s] Level 1:colcon.colcon_core.package_identification:_identify(src) by extension 'ignore_ament_install'
[0.367s] Level 1:colcon.colcon_core.package_identification:_identify(src) by extensions ['colcon_pkg']
[0.367s] Level 1:colcon.colcon_core.package_identification:_identify(src) by extension 'colcon_pkg'
[0.367s] Level 1:colcon.colcon_core.package_identification:_identify(src) by extensions ['colcon_meta']
[0.367s] Level 1:colcon.colcon_core.package_identification:_identify(src) by extension 'colcon_meta'
[0.367s] Level 1:colcon.colcon_core.package_identification:_identify(src) by extensions ['ros']
[0.367s] Level 1:colcon.colcon_core.package_identification:_identify(src) by extension 'ros'
[0.368s] Level 1:colcon.colcon_core.package_identification:_identify(src) by extensions ['cmake', 'python']
[0.368s] Level 1:colcon.colcon_core.package_identification:_identify(src) by extension 'cmake'
[0.368s] Level 1:colcon.colcon_core.package_identification:_identify(src) by extension 'python'
[0.368s] Level 1:colcon.colcon_core.package_identification:_identify(src) by extensions ['python_setup_py']
[0.368s] Level 1:colcon.colcon_core.package_identification:_identify(src) by extension 'python_setup_py'
[0.368s] Level 1:colcon.colcon_core.package_identification:_identify(src/storagy_drive) by extensions ['ignore', 'ignore_ament_install']
[0.368s] Level 1:colcon.colcon_core.package_identification:_identify(src/storagy_drive) by extension 'ignore'
[0.368s] Level 1:colcon.colcon_core.package_identification:_identify(src/storagy_drive) by extension 'ignore_ament_install'
[0.368s] Level 1:colcon.colcon_core.package_identification:_identify(src/storagy_drive) by extensions ['colcon_pkg']
[0.368s] Level 1:colcon.colcon_core.package_identification:_identify(src/storagy_drive) by extension 'colcon_pkg'
[0.368s] Level 1:colcon.colcon_core.package_identification:_identify(src/storagy_drive) by extensions ['colcon_meta']
[0.368s] Level 1:colcon.colcon_core.package_identification:_identify(src/storagy_drive) by extension 'colcon_meta'
[0.368s] Level 1:colcon.colcon_core.package_identification:_identify(src/storagy_drive) by extensions ['ros']
[0.368s] Level 1:colcon.colcon_core.package_identification:_identify(src/storagy_drive) by extension 'ros'
[0.370s] DEBUG:colcon.colcon_core.package_identification:Package 'src/storagy_drive' with type 'ros.ament_python' and name 'storagy_drive'
[0.370s] Level 1:colcon.colcon_core.package_discovery:discover_packages(recursive) using defaults
[0.370s] Level 1:colcon.colcon_core.package_discovery:discover_packages(ignore) discover
[0.370s] Level 1:colcon.colcon_core.package_discovery:discover_packages(ignore) using defaults
[0.370s] Level 1:colcon.colcon_core.package_discovery:discover_packages(path) discover
[0.370s] Level 1:colcon.colcon_core.package_discovery:discover_packages(path) using defaults
[0.390s] Level 1:colcon.colcon_core.package_discovery:discover_packages(prefix_path) check parameters
[0.390s] Level 1:colcon.colcon_core.package_discovery:discover_packages(prefix_path) discover
[0.393s] DEBUG:colcon.colcon_installed_package_information.package_discovery:Found 1 installed packages in /home/storagy/ros2_ws/install
[0.394s] DEBUG:colcon.colcon_installed_package_information.package_discovery:Found 43 installed packages in /home/storagy/Desktop/storagy_ws/install
[0.396s] DEBUG:colcon.colcon_installed_package_information.package_discovery:Found 299 installed packages in /opt/ros/humble
[0.398s] Level 1:colcon.colcon_core.package_discovery:discover_packages(prefix_path) using defaults
[0.439s] Level 5:colcon.colcon_core.verb:set package 'storagy_drive' build argument 'cmake_args' from command line to 'None'
[0.439s] Level 5:colcon.colcon_core.verb:set package 'storagy_drive' build argument 'cmake_target' from command line to 'None'
[0.439s] Level 5:colcon.colcon_core.verb:set package 'storagy_drive' build argument 'cmake_target_skip_unavailable' from command line to 'False'
[0.439s] Level 5:colcon.colcon_core.verb:set package 'storagy_drive' build argument 'cmake_clean_cache' from command line to 'False'
[0.439s] Level 5:colcon.colcon_core.verb:set package 'storagy_drive' build argument 'cmake_clean_first' from command line to 'False'
[0.439s] Level 5:colcon.colcon_core.verb:set package 'storagy_drive' build argument 'cmake_force_configure' from command line to 'False'
[0.439s] Level 5:colcon.colcon_core.verb:set package 'storagy_drive' build argument 'ament_cmake_args' from command line to 'None'
[0.439s] Level 5:colcon.colcon_core.verb:set package 'storagy_drive' build argument 'catkin_cmake_args' from command line to 'None'
[0.439s] Level 5:colcon.colcon_core.verb:set package 'storagy_drive' build argument 'catkin_skip_building_tests' from command line to 'False'
[0.439s] DEBUG:colcon.colcon_core.verb:Building package 'storagy_drive' with the following arguments: {'ament_cmake_args': None, 'build_base': '/home/storagy/ros2_ws/build/storagy_drive', 'catkin_cmake_args': None, 'catkin_skip_building_tests': False, 'cmake_args': None, 'cmake_clean_cache': False, 'cmake_clean_first': False, 'cmake_force_configure': False, 'cmake_target': None, 'cmake_target_skip_unavailable': False, 'install_base': '/home/storagy/ros2_ws/install/storagy_drive', 'merge_install': False, 'path': '/home/storagy/ros2_ws/src/storagy_drive', 'symlink_install': True, 'test_result_base': None}
[0.439s] INFO:colcon.colcon_core.executor:Executing jobs using 'parallel' executor
[0.440s] DEBUG:colcon.colcon_parallel_executor.executor.parallel:run_until_complete
[0.441s] INFO:colcon.colcon_ros.task.ament_python.build:Building ROS package in '/home/storagy/ros2_ws/src/storagy_drive' with build type 'ament_python'
[0.441s] Level 1:colcon.colcon_core.shell:create_environment_hook('storagy_drive', 'ament_prefix_path')
[0.444s] INFO:colcon.colcon_core.plugin_system:Skipping extension 'colcon_core.shell.bat': Not used on non-Windows systems
[0.444s] INFO:colcon.colcon_core.shell:Creating environment hook '/home/storagy/ros2_ws/install/storagy_drive/share/storagy_drive/hook/ament_prefix_path.ps1'
[0.445s] INFO:colcon.colcon_core.shell:Creating environment descriptor '/home/storagy/ros2_ws/install/storagy_drive/share/storagy_drive/hook/ament_prefix_path.dsv'
[0.445s] INFO:colcon.colcon_core.shell:Creating environment hook '/home/storagy/ros2_ws/install/storagy_drive/share/storagy_drive/hook/ament_prefix_path.sh'
[0.446s] INFO:colcon.colcon_core.shell:Skip shell extension 'powershell' for command environment: Not usable outside of PowerShell
[0.446s] DEBUG:colcon.colcon_core.shell:Skip shell extension 'dsv' for command environment
[0.756s] INFO:colcon.colcon_core.task.python.build:Building Python package in '/home/storagy/ros2_ws/src/storagy_drive'
[0.756s] INFO:colcon.colcon_core.shell:Skip shell extension 'powershell' for command environment: Not usable outside of PowerShell
[0.756s] DEBUG:colcon.colcon_core.shell:Skip shell extension 'dsv' for command environment
[1.149s] DEBUG:colcon.colcon_core.task.python.build:While undoing a previous installation files outside the Python library path are being ignored: /home/storagy/ros2_ws/install/storagy_drive/share/ament_index/resource_index/packages/storagy_drive
[1.149s] DEBUG:colcon.colcon_core.task.python.build:While undoing a previous installation files outside the Python library path are being ignored: /home/storagy/ros2_ws/install/storagy_drive/share/storagy_drive/package.xml
[1.149s] DEBUG:colcon.colcon_core.task.python.build:While undoing a previous installation files outside the Python library path are being ignored: /home/storagy/ros2_ws/install/storagy_drive/lib/storagy_drive/cmd_test
[1.149s] DEBUG:colcon.colcon_core.task.python.build:While undoing a previous installation files outside the Python library path are being ignored: /home/storagy/ros2_ws/install/storagy_drive/lib/storagy_drive/cmd_vel_example
[1.149s] DEBUG:colcon.colcon_core.task.python.build:While undoing a previous installation files outside the Python library path are being ignored: /home/storagy/ros2_ws/install/storagy_drive/lib/storagy_drive/image_example
[1.149s] DEBUG:colcon.colcon_core.task.python.build:While undoing a previous installation files outside the Python library path are being ignored: /home/storagy/ros2_ws/install/storagy_drive/lib/storagy_drive/scan_example
[1.150s] DEBUG:colcon.colcon_core.event_handler.log_command:Invoking command in '/home/storagy/ros2_ws/build/storagy_drive': PYTHONPATH=/home/storagy/ros2_ws/build/storagy_drive/prefix_override:/usr/lib/python3/dist-packages/colcon_core/task/python/colcon_distutils_commands:/home/storagy/ros2_ws/install/storagy_drive/lib/python3.10/site-packages:${PYTHONPATH} /usr/bin/python3 -W ignore:setup.py install is deprecated -W ignore:easy_install command is deprecated setup.py develop --editable --build-directory /home/storagy/ros2_ws/build/storagy_drive/build --no-deps symlink_data --force
[1.678s] Level 1:colcon.colcon_core.shell:create_environment_hook('storagy_drive', 'pythonpath_develop')
[1.678s] INFO:colcon.colcon_core.shell:Creating environment hook '/home/storagy/ros2_ws/build/storagy_drive/share/storagy_drive/hook/pythonpath_develop.ps1'
[1.679s] DEBUG:colcon.colcon_core.event_handler.log_command:Invoked command in '/home/storagy/ros2_ws/build/storagy_drive' returned '0': PYTHONPATH=/home/storagy/ros2_ws/build/storagy_drive/prefix_override:/usr/lib/python3/dist-packages/colcon_core/task/python/colcon_distutils_commands:/home/storagy/ros2_ws/install/storagy_drive/lib/python3.10/site-packages:${PYTHONPATH} /usr/bin/python3 -W ignore:setup.py install is deprecated -W ignore:easy_install command is deprecated setup.py develop --editable --build-directory /home/storagy/ros2_ws/build/storagy_drive/build --no-deps symlink_data --force
[1.679s] INFO:colcon.colcon_core.shell:Creating environment descriptor '/home/storagy/ros2_ws/build/storagy_drive/share/storagy_drive/hook/pythonpath_develop.dsv'
[1.679s] INFO:colcon.colcon_core.shell:Creating environment hook '/home/storagy/ros2_ws/build/storagy_drive/share/storagy_drive/hook/pythonpath_develop.sh'
[1.682s] Level 1:colcon.colcon_core.environment:checking '/home/storagy/ros2_ws/install/storagy_drive' for CMake module files
[1.682s] Level 1:colcon.colcon_core.environment:checking '/home/storagy/ros2_ws/install/storagy_drive' for CMake config files
[1.683s] Level 1:colcon.colcon_core.environment:checking '/home/storagy/ros2_ws/install/storagy_drive/lib'
[1.683s] Level 1:colcon.colcon_core.environment:checking '/home/storagy/ros2_ws/install/storagy_drive/bin'
[1.683s] Level 1:colcon.colcon_core.environment:checking '/home/storagy/ros2_ws/install/storagy_drive/lib/pkgconfig/storagy_drive.pc'
[1.683s] Level 1:colcon.colcon_core.environment:checking '/home/storagy/ros2_ws/install/storagy_drive/lib/python3.10/site-packages'
[1.683s] Level 1:colcon.colcon_core.shell:create_environment_hook('storagy_drive', 'pythonpath')
[1.683s] INFO:colcon.colcon_core.shell:Creating environment hook '/home/storagy/ros2_ws/install/storagy_drive/share/storagy_drive/hook/pythonpath.ps1'
[1.684s] INFO:colcon.colcon_core.shell:Creating environment descriptor '/home/storagy/ros2_ws/install/storagy_drive/share/storagy_drive/hook/pythonpath.dsv'
[1.684s] INFO:colcon.colcon_core.shell:Creating environment hook '/home/storagy/ros2_ws/install/storagy_drive/share/storagy_drive/hook/pythonpath.sh'
[1.685s] Level 1:colcon.colcon_core.environment:checking '/home/storagy/ros2_ws/install/storagy_drive/bin'
[1.685s] Level 1:colcon.colcon_core.environment:create_environment_scripts_only(storagy_drive)
[1.685s] INFO:colcon.colcon_core.shell:Creating package script '/home/storagy/ros2_ws/install/storagy_drive/share/storagy_drive/package.ps1'
[1.686s] INFO:colcon.colcon_core.shell:Creating package descriptor '/home/storagy/ros2_ws/install/storagy_drive/share/storagy_drive/package.dsv'
[1.686s] INFO:colcon.colcon_core.shell:Creating package script '/home/storagy/ros2_ws/install/storagy_drive/share/storagy_drive/package.sh'
[1.687s] INFO:colcon.colcon_core.shell:Creating package script '/home/storagy/ros2_ws/install/storagy_drive/share/storagy_drive/package.bash'
[1.688s] INFO:colcon.colcon_core.shell:Creating package script '/home/storagy/ros2_ws/install/storagy_drive/share/storagy_drive/package.zsh'
[1.689s] Level 1:colcon.colcon_core.environment:create_file_with_runtime_dependencies(/home/storagy/ros2_ws/install/storagy_drive/share/colcon-core/packages/storagy_drive)
[1.689s] DEBUG:colcon.colcon_parallel_executor.executor.parallel:closing loop
[1.689s] DEBUG:colcon.colcon_parallel_executor.executor.parallel:loop closed
[1.689s] DEBUG:colcon.colcon_parallel_executor.executor.parallel:run_until_complete finished with '0'
[1.689s] DEBUG:colcon.colcon_core.event_reactor:joining thread
[1.697s] INFO:colcon.colcon_core.plugin_system:Skipping extension 'colcon_notification.desktop_notification.terminal_notifier': Not used on non-Darwin systems
[1.698s] INFO:colcon.colcon_core.plugin_system:Skipping extension 'colcon_notification.desktop_notification.win32': Not used on non-Windows systems
[1.698s] INFO:colcon.colcon_notification.desktop_notification:Sending desktop notification using 'notify2'
[1.708s] DEBUG:colcon.colcon_core.event_reactor:joined thread
[1.709s] INFO:colcon.colcon_core.shell:Creating prefix script '/home/storagy/ros2_ws/install/local_setup.ps1'
[1.710s] INFO:colcon.colcon_core.shell:Creating prefix util module '/home/storagy/ros2_ws/install/_local_setup_util_ps1.py'
[1.711s] INFO:colcon.colcon_core.shell:Creating prefix chain script '/home/storagy/ros2_ws/install/setup.ps1'
[1.714s] INFO:colcon.colcon_core.shell:Creating prefix script '/home/storagy/ros2_ws/install/local_setup.sh'
[1.714s] INFO:colcon.colcon_core.shell:Creating prefix util module '/home/storagy/ros2_ws/install/_local_setup_util_sh.py'
[1.715s] INFO:colcon.colcon_core.shell:Creating prefix chain script '/home/storagy/ros2_ws/install/setup.sh'
[1.718s] INFO:colcon.colcon_core.shell:Creating prefix script '/home/storagy/ros2_ws/install/local_setup.bash'
[1.718s] INFO:colcon.colcon_core.shell:Creating prefix chain script '/home/storagy/ros2_ws/install/setup.bash'
[1.722s] INFO:colcon.colcon_core.shell:Creating prefix script '/home/storagy/ros2_ws/install/local_setup.zsh'
[1.723s] INFO:colcon.colcon_core.shell:Creating prefix chain script '/home/storagy/ros2_ws/install/setup.zsh'
