[0.752s] Invoking command in '/home/storagy/ros2_ws/build/storagy_drive': PYTHONPATH=/home/storagy/ros2_ws/build/storagy_drive/prefix_override:/usr/lib/python3/dist-packages/colcon_core/task/python/colcon_distutils_commands:/home/storagy/ros2_ws/install/storagy_drive/lib/python3.10/site-packages:${PYTHONPATH} /usr/bin/python3 -W ignore:setup.py install is deprecated -W ignore:easy_install command is deprecated setup.py develop --uninstall --editable --build-directory /home/storagy/ros2_ws/build/storagy_drive/build
[1.039s] running develop
[1.244s] Removing /home/storagy/ros2_ws/install/storagy_drive/lib/python3.10/site-packages/storagy-drive.egg-link (link to .)
[1.273s] Invoked command in '/home/storagy/ros2_ws/build/storagy_drive' returned '0': PYTHONPATH=/home/storagy/ros2_ws/build/storagy_drive/prefix_override:/usr/lib/python3/dist-packages/colcon_core/task/python/colcon_distutils_commands:/home/storagy/ros2_ws/install/storagy_drive/lib/python3.10/site-packages:${PYTHONPATH} /usr/bin/python3 -W ignore:setup.py install is deprecated -W ignore:easy_install command is deprecated setup.py develop --uninstall --editable --build-directory /home/storagy/ros2_ws/build/storagy_drive/build
[1.275s] Invoking command in '/home/storagy/ros2_ws/src/storagy_drive': PYTHONPATH=/home/storagy/ros2_ws/build/storagy_drive/prefix_override:/usr/lib/python3/dist-packages/colcon_core/task/python/colcon_distutils_commands:/home/storagy/ros2_ws/install/storagy_drive/lib/python3.10/site-packages:${PYTHONPATH} /usr/bin/python3 -W ignore:setup.py install is deprecated -W ignore:easy_install command is deprecated setup.py egg_info --egg-base ../../build/storagy_drive build --build-base /home/storagy/ros2_ws/build/storagy_drive/build install --record /home/storagy/ros2_ws/build/storagy_drive/install.log --single-version-externally-managed install_data --force
[1.543s] running egg_info
[1.544s] writing ../../build/storagy_drive/storagy_drive.egg-info/PKG-INFO
[1.544s] writing dependency_links to ../../build/storagy_drive/storagy_drive.egg-info/dependency_links.txt
[1.544s] writing entry points to ../../build/storagy_drive/storagy_drive.egg-info/entry_points.txt
[1.544s] writing requirements to ../../build/storagy_drive/storagy_drive.egg-info/requires.txt
[1.544s] writing top-level names to ../../build/storagy_drive/storagy_drive.egg-info/top_level.txt
[1.547s] reading manifest file '../../build/storagy_drive/storagy_drive.egg-info/SOURCES.txt'
[1.549s] writing manifest file '../../build/storagy_drive/storagy_drive.egg-info/SOURCES.txt'
[1.549s] running build
[1.549s] running build_py
[1.549s] creating /home/storagy/ros2_ws/build/storagy_drive/build
[1.549s] creating /home/storagy/ros2_ws/build/storagy_drive/build/lib
[1.549s] creating /home/storagy/ros2_ws/build/storagy_drive/build/lib/storagy_drive
[1.549s] copying storagy_drive/drive_1.py -> /home/storagy/ros2_ws/build/storagy_drive/build/lib/storagy_drive
[1.549s] copying storagy_drive/__init__.py -> /home/storagy/ros2_ws/build/storagy_drive/build/lib/storagy_drive
[1.549s] copying storagy_drive/scan_example.py -> /home/storagy/ros2_ws/build/storagy_drive/build/lib/storagy_drive
[1.549s] copying storagy_drive/cmd_test.py -> /home/storagy/ros2_ws/build/storagy_drive/build/lib/storagy_drive
[1.549s] copying storagy_drive/image_example.py -> /home/storagy/ros2_ws/build/storagy_drive/build/lib/storagy_drive
[1.549s] copying storagy_drive/cmd_vel_example.py -> /home/storagy/ros2_ws/build/storagy_drive/build/lib/storagy_drive
[1.550s] running install
[1.550s] running install_lib
[1.551s] creating /home/storagy/ros2_ws/install/storagy_drive/lib/python3.10/site-packages/storagy_drive
[1.551s] copying /home/storagy/ros2_ws/build/storagy_drive/build/lib/storagy_drive/drive_1.py -> /home/storagy/ros2_ws/install/storagy_drive/lib/python3.10/site-packages/storagy_drive
[1.551s] copying /home/storagy/ros2_ws/build/storagy_drive/build/lib/storagy_drive/__init__.py -> /home/storagy/ros2_ws/install/storagy_drive/lib/python3.10/site-packages/storagy_drive
[1.551s] copying /home/storagy/ros2_ws/build/storagy_drive/build/lib/storagy_drive/scan_example.py -> /home/storagy/ros2_ws/install/storagy_drive/lib/python3.10/site-packages/storagy_drive
[1.551s] copying /home/storagy/ros2_ws/build/storagy_drive/build/lib/storagy_drive/cmd_test.py -> /home/storagy/ros2_ws/install/storagy_drive/lib/python3.10/site-packages/storagy_drive
[1.551s] copying /home/storagy/ros2_ws/build/storagy_drive/build/lib/storagy_drive/image_example.py -> /home/storagy/ros2_ws/install/storagy_drive/lib/python3.10/site-packages/storagy_drive
[1.551s] copying /home/storagy/ros2_ws/build/storagy_drive/build/lib/storagy_drive/cmd_vel_example.py -> /home/storagy/ros2_ws/install/storagy_drive/lib/python3.10/site-packages/storagy_drive
[1.552s] byte-compiling /home/storagy/ros2_ws/install/storagy_drive/lib/python3.10/site-packages/storagy_drive/drive_1.py to drive_1.cpython-310.pyc
[1.553s] byte-compiling /home/storagy/ros2_ws/install/storagy_drive/lib/python3.10/site-packages/storagy_drive/__init__.py to __init__.cpython-310.pyc
[1.553s] byte-compiling /home/storagy/ros2_ws/install/storagy_drive/lib/python3.10/site-packages/storagy_drive/scan_example.py to scan_example.cpython-310.pyc
[1.553s] byte-compiling /home/storagy/ros2_ws/install/storagy_drive/lib/python3.10/site-packages/storagy_drive/cmd_test.py to cmd_test.cpython-310.pyc
[1.554s] byte-compiling /home/storagy/ros2_ws/install/storagy_drive/lib/python3.10/site-packages/storagy_drive/image_example.py to image_example.cpython-310.pyc
[1.554s] byte-compiling /home/storagy/ros2_ws/install/storagy_drive/lib/python3.10/site-packages/storagy_drive/cmd_vel_example.py to cmd_vel_example.cpython-310.pyc
[1.555s] running install_data
[1.555s] copying resource/storagy_drive -> /home/storagy/ros2_ws/install/storagy_drive/share/ament_index/resource_index/packages
[1.555s] copying package.xml -> /home/storagy/ros2_ws/install/storagy_drive/share/storagy_drive
[1.555s] running install_egg_info
[1.557s] Copying ../../build/storagy_drive/storagy_drive.egg-info to /home/storagy/ros2_ws/install/storagy_drive/lib/python3.10/site-packages/storagy_drive-0.0.0-py3.10.egg-info
[1.558s] running install_scripts
[1.578s] Installing cmd_test script to /home/storagy/ros2_ws/install/storagy_drive/lib/storagy_drive
[1.578s] Installing cmd_vel_example script to /home/storagy/ros2_ws/install/storagy_drive/lib/storagy_drive
[1.579s] Installing image_example script to /home/storagy/ros2_ws/install/storagy_drive/lib/storagy_drive
[1.579s] Installing scan_example script to /home/storagy/ros2_ws/install/storagy_drive/lib/storagy_drive
[1.579s] writing list of installed files to '/home/storagy/ros2_ws/build/storagy_drive/install.log'
[1.600s] Invoked command in '/home/storagy/ros2_ws/src/storagy_drive' returned '0': PYTHONPATH=/home/storagy/ros2_ws/build/storagy_drive/prefix_override:/usr/lib/python3/dist-packages/colcon_core/task/python/colcon_distutils_commands:/home/storagy/ros2_ws/install/storagy_drive/lib/python3.10/site-packages:${PYTHONPATH} /usr/bin/python3 -W ignore:setup.py install is deprecated -W ignore:easy_install command is deprecated setup.py egg_info --egg-base ../../build/storagy_drive build --build-base /home/storagy/ros2_ws/build/storagy_drive/build install --record /home/storagy/ros2_ws/build/storagy_drive/install.log --single-version-externally-managed install_data --force
