[0.624s] Invoking command in '/home/storagy/ros2_ws/src/storagy_drive': PYTHONPATH=/home/storagy/ros2_ws/build/storagy_drive/prefix_override:/usr/lib/python3/dist-packages/colcon_core/task/python/colcon_distutils_commands:/home/storagy/ros2_ws/install/storagy_drive/lib/python3.10/site-packages:${PYTHONPATH} /usr/bin/python3 -W ignore:setup.py install is deprecated -W ignore:easy_install command is deprecated setup.py egg_info --egg-base ../../build/storagy_drive build --build-base /home/storagy/ros2_ws/build/storagy_drive/build install --record /home/storagy/ros2_ws/build/storagy_drive/install.log --single-version-externally-managed install_data
[0.873s] running egg_info
[0.873s] writing ../../build/storagy_drive/storagy_drive.egg-info/PKG-INFO
[0.873s] writing dependency_links to ../../build/storagy_drive/storagy_drive.egg-info/dependency_links.txt
[0.874s] writing entry points to ../../build/storagy_drive/storagy_drive.egg-info/entry_points.txt
[0.874s] writing requirements to ../../build/storagy_drive/storagy_drive.egg-info/requires.txt
[0.874s] writing top-level names to ../../build/storagy_drive/storagy_drive.egg-info/top_level.txt
[0.875s] reading manifest file '../../build/storagy_drive/storagy_drive.egg-info/SOURCES.txt'
[0.876s] writing manifest file '../../build/storagy_drive/storagy_drive.egg-info/SOURCES.txt'
[0.876s] running build
[0.876s] running build_py
[0.877s] running install
[0.877s] running install_lib
[0.878s] running install_data
[0.879s] running install_egg_info
[0.880s] removing '/home/storagy/ros2_ws/install/storagy_drive/lib/python3.10/site-packages/storagy_drive-0.0.0-py3.10.egg-info' (and everything under it)
[0.880s] Copying ../../build/storagy_drive/storagy_drive.egg-info to /home/storagy/ros2_ws/install/storagy_drive/lib/python3.10/site-packages/storagy_drive-0.0.0-py3.10.egg-info
[0.881s] running install_scripts
[0.899s] Installing cmd_test script to /home/storagy/ros2_ws/install/storagy_drive/lib/storagy_drive
[0.899s] Installing cmd_vel_example script to /home/storagy/ros2_ws/install/storagy_drive/lib/storagy_drive
[0.899s] Installing image_example script to /home/storagy/ros2_ws/install/storagy_drive/lib/storagy_drive
[0.900s] Installing img_test script to /home/storagy/ros2_ws/install/storagy_drive/lib/storagy_drive
[0.900s] Installing scan_example script to /home/storagy/ros2_ws/install/storagy_drive/lib/storagy_drive
[0.900s] Installing storagy_drive script to /home/storagy/ros2_ws/install/storagy_drive/lib/storagy_drive
[0.900s] writing list of installed files to '/home/storagy/ros2_ws/build/storagy_drive/install.log'
[0.918s] Invoked command in '/home/storagy/ros2_ws/src/storagy_drive' returned '0': PYTHONPATH=/home/storagy/ros2_ws/build/storagy_drive/prefix_override:/usr/lib/python3/dist-packages/colcon_core/task/python/colcon_distutils_commands:/home/storagy/ros2_ws/install/storagy_drive/lib/python3.10/site-packages:${PYTHONPATH} /usr/bin/python3 -W ignore:setup.py install is deprecated -W ignore:easy_install command is deprecated setup.py egg_info --egg-base ../../build/storagy_drive build --build-base /home/storagy/ros2_ws/build/storagy_drive/build install --record /home/storagy/ros2_ws/build/storagy_drive/install.log --single-version-externally-managed install_data
